Java HotSpot(TM) 64-Bit Server VM (25.231-b11) for windows-amd64 JRE (1.8.0_231-b11), built on Oct  5 2019 03:11:30 by "java_re" with MS VC++ 10.0 (VS2010)
Memory: 4k page, physical 134062900k(91203800k free), swap 153985844k(104104568k free)
CommandLine flags: -XX:-BytecodeVerificationLocal -XX:-BytecodeVerificationRemote -XX:InitialHeapSize=134217728 -XX:+ManagementServer -XX:MaxHeapSize=134217728 -XX:+PrintGC -XX:+PrintGCDetails -XX:+PrintGCTimeStamps -XX:TieredStopAtLevel=1 -XX:+UseCompressedClassPointers -XX:+UseCompressedOops -XX:-UseLargePagesIndividualAllocation -XX:+UseParallelGC 
0.664: [GC (Allocation Failure) [PSYoungGen: 33280K->5112K(38400K)] 33280K->5179K(125952K), 0.0023456 secs] [Times: user=0.00 sys=0.00, real=0.00 secs] 
1.097: [GC (Allocation Failure) [PSYoungGen: 38392K->5095K(38400K)] 38459K->6887K(125952K), 0.0024284 secs] [Times: user=0.00 sys=0.00, real=0.00 secs] 
1.161: [GC (Allocation Failure) [PSYoungGen: 38375K->5104K(38400K)] 40167K->8943K(125952K), 0.0025084 secs] [Times: user=0.00 sys=0.00, real=0.00 secs] 
1.221: [GC (Allocation Failure) [PSYoungGen: 38384K->5110K(38400K)] 42223K->11422K(125952K), 0.0037289 secs] [Times: user=0.00 sys=0.00, real=0.00 secs] 
1.277: [GC (Metadata GC Threshold) [PSYoungGen: 26178K->5091K(38400K)] 32491K->13498K(125952K), 0.0026179 secs] [Times: user=0.00 sys=0.00, real=0.00 secs] 
1.280: [Full GC (Metadata GC Threshold) [PSYoungGen: 5091K->0K(38400K)] [ParOldGen: 8407K->7715K(54784K)] 13498K->7715K(93184K), [Metaspace: 20436K->20436K(1067008K)], 0.0165893 secs] [Times: user=0.23 sys=0.00, real=0.02 secs] 
1.788: [GC (Allocation Failure) [PSYoungGen: 33280K->3823K(30208K)] 40995K->11547K(84992K), 0.0015834 secs] [Times: user=0.00 sys=0.00, real=0.00 secs] 
1.834: [GC (Allocation Failure) [PSYoungGen: 28911K->4242K(34304K)] 36635K->11973K(89088K), 0.0011394 secs] [Times: user=0.00 sys=0.00, real=0.00 secs] 
1.908: [GC (Allocation Failure) [PSYoungGen: 29330K->4878K(34304K)] 37061K->12618K(89088K), 0.0013682 secs] [Times: user=0.00 sys=0.00, real=0.00 secs] 
1.967: [GC (Allocation Failure) [PSYoungGen: 29966K->3804K(34304K)] 37706K->13432K(89088K), 0.0014231 secs] [Times: user=0.01 sys=0.00, real=0.00 secs] 
2.013: [GC (Allocation Failure) [PSYoungGen: 28892K->2489K(34304K)] 38520K->13977K(89088K), 0.0011666 secs] [Times: user=0.00 sys=0.00, real=0.00 secs] 
2.105: [GC (Allocation Failure) [PSYoungGen: 27577K->2518K(27648K)] 39065K->15604K(82432K), 0.0012886 secs] [Times: user=0.00 sys=0.00, real=0.00 secs] 
2.188: [GC (Allocation Failure) [PSYoungGen: 27606K->1939K(33792K)] 40692K->15905K(88576K), 0.0012967 secs] [Times: user=0.00 sys=0.00, real=0.00 secs] 
2.272: [GC (Allocation Failure) [PSYoungGen: 26003K->2019K(33792K)] 39969K->16761K(88576K), 0.0011781 secs] [Times: user=0.00 sys=0.00, real=0.00 secs] 
2.369: [GC (Allocation Failure) [PSYoungGen: 26083K->2501K(32768K)] 40825K->18127K(87552K), 0.0026579 secs] [Times: user=0.00 sys=0.00, real=0.00 secs] 
2.979: [GC (Allocation Failure) [PSYoungGen: 26565K->3243K(33280K)] 42191K->19682K(88064K), 0.0017562 secs] [Times: user=0.00 sys=0.00, real=0.00 secs] 
3.216: [GC (Allocation Failure) [PSYoungGen: 27307K->2485K(34304K)] 43746K->20908K(89088K), 0.0022142 secs] [Times: user=0.00 sys=0.00, real=0.00 secs] 
3.304: [GC (Metadata GC Threshold) [PSYoungGen: 22777K->2088K(27648K)] 41200K->21283K(82432K), 0.0018509 secs] [Times: user=0.00 sys=0.00, real=0.00 secs] 
3.306: [Full GC (Metadata GC Threshold) [PSYoungGen: 2088K->0K(27648K)] [ParOldGen: 19195K->16447K(85504K)] 21283K->16447K(113152K), [Metaspace: 34080K->34080K(1079296K)], 0.0390887 secs] [Times: user=0.48 sys=0.00, real=0.04 secs] 
3.424: [GC (Allocation Failure) [PSYoungGen: 25088K->3565K(34304K)] 41535K->20020K(119808K), 0.0018077 secs] [Times: user=0.00 sys=0.00, real=0.00 secs] 
3.523: [GC (Allocation Failure) [PSYoungGen: 29165K->3236K(33792K)] 45620K->20084K(119296K), 0.0014174 secs] [Times: user=0.00 sys=0.00, real=0.00 secs] 
3.573: [GC (Allocation Failure) [PSYoungGen: 28836K->4275K(34816K)] 45684K->21831K(120320K), 0.0030353 secs] [Times: user=0.00 sys=0.00, real=0.00 secs] 
3.620: [GC (Allocation Failure) [PSYoungGen: 31411K->3741K(34816K)] 48967K->21626K(120320K), 0.0017745 secs] [Times: user=0.00 sys=0.00, real=0.00 secs] 
3.658: [GC (Allocation Failure) [PSYoungGen: 30877K->2633K(34816K)] 48762K->21131K(120320K), 0.0016733 secs] [Times: user=0.00 sys=0.00, real=0.00 secs] 
3.738: [GC (Allocation Failure) [PSYoungGen: 30793K->3262K(35328K)] 49291K->22365K(120832K), 0.0021264 secs] [Times: user=0.00 sys=0.00, real=0.00 secs] 
3.839: [GC (Allocation Failure) [PSYoungGen: 31422K->1654K(36352K)] 50525K->21584K(121856K), 0.0028697 secs] [Times: user=0.00 sys=0.00, real=0.00 secs] 
3.912: [GC (Allocation Failure) [PSYoungGen: 30838K->3543K(32768K)] 50768K->23954K(118272K), 0.0020486 secs] [Times: user=0.00 sys=0.00, real=0.00 secs] 
4.017: [GC (Allocation Failure) [PSYoungGen: 32727K->2858K(35840K)] 53138K->23557K(121344K), 0.0018181 secs] [Times: user=0.00 sys=0.00, real=0.00 secs] 
4.139: [GC (Allocation Failure) [PSYoungGen: 32042K->2144K(35840K)] 52741K->23434K(121344K), 0.0021267 secs] [Times: user=0.02 sys=0.00, real=0.00 secs] 
4.247: [GC (Allocation Failure) [PSYoungGen: 31328K->2357K(35840K)] 52618K->24384K(121344K), 0.0018145 secs] [Times: user=0.00 sys=0.00, real=0.00 secs] 
4.329: [GC (Allocation Failure) [PSYoungGen: 32565K->2123K(36352K)] 54592K->24939K(121856K), 0.0016246 secs] [Times: user=0.00 sys=0.00, real=0.00 secs] 
4.647: [GC (Allocation Failure) [PSYoungGen: 32331K->3334K(37376K)] 55147K->26717K(122880K), 0.0032002 secs] [Times: user=0.00 sys=0.00, real=0.00 secs] 
4.711: [GC (Allocation Failure) [PSYoungGen: 34566K->3738K(37376K)] 57949K->27772K(122880K), 0.0019450 secs] [Times: user=0.00 sys=0.00, real=0.00 secs] 
4.791: [GC (Allocation Failure) [PSYoungGen: 34970K->2682K(36352K)] 59004K->27284K(121856K), 0.0016377 secs] [Times: user=0.00 sys=0.00, real=0.00 secs] 
4.864: [GC (Allocation Failure) [PSYoungGen: 33914K->2727K(36864K)] 58516K->27801K(122368K), 0.0016070 secs] [Times: user=0.00 sys=0.00, real=0.00 secs] 
4.935: [GC (Allocation Failure) [PSYoungGen: 33959K->3065K(37888K)] 59033K->28547K(123392K), 0.0016690 secs] [Times: user=0.00 sys=0.00, real=0.00 secs] 
5.013: [GC (Allocation Failure) [PSYoungGen: 35321K->3012K(35328K)] 60803K->29166K(120832K), 0.0018541 secs] [Times: user=0.00 sys=0.03, real=0.00 secs] 
5.118: [GC (Allocation Failure) [PSYoungGen: 35268K->2276K(37376K)] 61422K->29134K(122880K), 0.0018363 secs] [Times: user=0.00 sys=0.00, real=0.00 secs] 
5.223: [GC (Allocation Failure) [PSYoungGen: 34532K->2421K(37376K)] 61390K->30023K(122880K), 0.0018403 secs] [Times: user=0.00 sys=0.00, real=0.00 secs] 
5.283: [GC (Allocation Failure) [PSYoungGen: 34677K->992K(38400K)] 62279K->29345K(123904K), 0.0016225 secs] [Times: user=0.00 sys=0.00, real=0.00 secs] 
5.355: [GC (Allocation Failure) [PSYoungGen: 34272K->3704K(38400K)] 62625K->32562K(123904K), 0.0020910 secs] [Times: user=0.00 sys=0.00, real=0.00 secs] 
5.420: [GC (Allocation Failure) [PSYoungGen: 36984K->3925K(37376K)] 65842K->33499K(122880K), 0.0022372 secs] [Times: user=0.01 sys=0.00, real=0.00 secs] 
5.492: [GC (Allocation Failure) [PSYoungGen: 36181K->4244K(37888K)] 65755K->34394K(123392K), 0.0019903 secs] [Times: user=0.00 sys=0.00, real=0.00 secs] 
5.564: [GC (Allocation Failure) [PSYoungGen: 36500K->5596K(35840K)] 66650K->36426K(121344K), 0.0023329 secs] [Times: user=0.00 sys=0.00, real=0.00 secs] 
5.641: [GC (Allocation Failure) [PSYoungGen: 35804K->3833K(36864K)] 66634K->35380K(122368K), 0.0027159 secs] [Times: user=0.00 sys=0.00, real=0.00 secs] 
5.699: [GC (Allocation Failure) [PSYoungGen: 34041K->2400K(36352K)] 65588K->34475K(121856K), 0.0020555 secs] [Times: user=0.00 sys=0.00, real=0.00 secs] 
5.779: [GC (Allocation Failure) [PSYoungGen: 33120K->2533K(36864K)] 65195K->35088K(122368K), 0.0017953 secs] [Times: user=0.00 sys=0.00, real=0.00 secs] 
5.838: [GC (Allocation Failure) [PSYoungGen: 33253K->3741K(37376K)] 65808K->36776K(122880K), 0.0019457 secs] [Times: user=0.00 sys=0.00, real=0.00 secs] 
5.890: [GC (Allocation Failure) [PSYoungGen: 34973K->4986K(36352K)] 68008K->38556K(121856K), 0.0023248 secs] [Times: user=0.23 sys=0.00, real=0.00 secs] 
6.160: [GC (Allocation Failure) [PSYoungGen: 36218K->2158K(37376K)] 69788K->36119K(122880K), 0.0018094 secs] [Times: user=0.00 sys=0.00, real=0.00 secs] 
6.426: [GC (Allocation Failure) [PSYoungGen: 32878K->3967K(36864K)] 66839K->38344K(122368K), 0.0024080 secs] [Times: user=0.00 sys=0.00, real=0.00 secs] 
6.484: [GC (Allocation Failure) [PSYoungGen: 34687K->2146K(36864K)] 69064K->36977K(122368K), 0.0019735 secs] [Times: user=0.00 sys=0.00, real=0.00 secs] 
6.550: [GC (Allocation Failure) [PSYoungGen: 32866K->2564K(36864K)] 67697K->37819K(122368K), 0.0022364 secs] [Times: user=0.00 sys=0.00, real=0.00 secs] 
6.611: [GC (Allocation Failure) [PSYoungGen: 33284K->3478K(37376K)] 68539K->39460K(122880K), 0.0021554 secs] [Times: user=0.00 sys=0.00, real=0.00 secs] 
6.695: [GC (Allocation Failure) [PSYoungGen: 34710K->3888K(37376K)] 70692K->40407K(122880K), 0.0019992 secs] [Times: user=0.00 sys=0.00, real=0.00 secs] 
7.007: [GC (Allocation Failure) [PSYoungGen: 35120K->2393K(36352K)] 71639K->39531K(121856K), 0.0020223 secs] [Times: user=0.00 sys=0.00, real=0.00 secs] 
7.892: [GC (Allocation Failure) [PSYoungGen: 33625K->3052K(36864K)] 70763K->41295K(122368K), 0.0023108 secs] [Times: user=0.00 sys=0.00, real=0.00 secs] 
19.095: [GC (Metadata GC Threshold) [PSYoungGen: 31884K->2889K(37888K)] 70126K->42412K(123392K), 0.0032336 secs] [Times: user=0.00 sys=0.00, real=0.00 secs] 
19.098: [Full GC (Metadata GC Threshold) [PSYoungGen: 2889K->0K(37888K)] [ParOldGen: 39522K->33939K(87552K)] 42412K->33939K(125440K), [Metaspace: 55959K->55959K(1099776K)], 0.1185445 secs] [Times: user=0.83 sys=0.00, real=0.12 secs] 
76.918: [GC (Allocation Failure) [PSYoungGen: 32256K->4683K(37888K)] 66195K->38630K(125440K), 0.0025665 secs] [Times: user=0.00 sys=0.00, real=0.00 secs] 
144.655: [GC (Allocation Failure) [PSYoungGen: 36939K->4258K(36864K)] 70886K->38213K(124416K), 0.0023680 secs] [Times: user=0.23 sys=0.02, real=0.00 secs] 
208.934: [GC (Allocation Failure) [PSYoungGen: 35490K->4006K(37376K)] 69445K->37969K(124928K), 0.0024932 secs] [Times: user=0.00 sys=0.00, real=0.00 secs] 
387.938: [GC (Allocation Failure) [PSYoungGen: 35238K->4525K(37376K)] 69201K->38496K(124928K), 0.0028807 secs] [Times: user=0.00 sys=0.00, real=0.00 secs] 
544.355: [GC (Allocation Failure) [PSYoungGen: 35757K->5331K(36864K)] 69728K->39310K(124416K), 0.0027525 secs] [Times: user=0.00 sys=0.00, real=0.00 secs] 
767.996: [GC (Allocation Failure) [PSYoungGen: 36563K->4470K(36864K)] 70542K->38457K(124416K), 0.0025207 secs] [Times: user=0.00 sys=0.00, real=0.00 secs] 
986.706: [GC (Allocation Failure) [PSYoungGen: 34678K->4454K(36864K)] 68665K->38449K(124416K), 0.0026465 secs] [Times: user=0.00 sys=0.00, real=0.00 secs] 
1149.430: [GC (Allocation Failure) [PSYoungGen: 34662K->5139K(36864K)] 68657K->39142K(124416K), 0.0026390 secs] [Times: user=0.00 sys=0.00, real=0.00 secs] 
1368.050: [GC (Allocation Failure) [PSYoungGen: 35347K->4566K(36864K)] 69350K->38577K(124416K), 0.0030210 secs] [Times: user=0.00 sys=0.00, real=0.00 secs] 
1583.167: [GC (Allocation Failure) [PSYoungGen: 34774K->4726K(36864K)] 68785K->38745K(124416K), 0.0025235 secs] [Times: user=0.00 sys=0.00, real=0.00 secs] 
1793.168: [GC (Allocation Failure) [PSYoungGen: 34934K->4832K(36864K)] 68953K->38867K(124416K), 0.0029243 secs] [Times: user=0.00 sys=0.00, real=0.00 secs] 
2003.167: [GC (Allocation Failure) [PSYoungGen: 35040K->5030K(36864K)] 69075K->39073K(124416K), 0.0036855 secs] [Times: user=0.00 sys=0.00, real=0.00 secs] 
2220.690: [GC (Allocation Failure) [PSYoungGen: 35238K->4790K(36864K)] 69281K->38841K(124416K), 0.0031491 secs] [Times: user=0.00 sys=0.00, real=0.00 secs] 
